[FP_INSTRUMENT] Initialized for: /home/users/sislam3/SBAC-PAD-opt/results/overflow/round_negative/host.bc
[FP_INSTRUMENT] PAPI SDE provider: CUDA_FP_ANALYSIS
========================================
[TEST] Overflow - Round Toward Negative
[IEEE 754 Clause 7.4.0.c]
========================================
Rule: roundTowardNegative:
  - Positive overflow → FLT_MAX
  - Negative overflow → -Inf
FLT_MAX = 3.402823e+38

[0] __fadd_rd(+FLT_MAX, +FLT_MAX)
    Result: 3.402823e+38 (finite)
    Expected: FLT_MAX
    Status: PASS ✓

[1] __fmul_rd(+FLT_MAX, 2.0)
    Result: 3.402823e+38 (finite)
    Expected: FLT_MAX
    Status: PASS ✓

[2] __fmul_rd(-FLT_MAX, 2.0)
    Result: -Inf
    Expected: -Inf
    Status: PASS ✓

[3] __fadd_rd(-FLT_MAX, -FLT_MAX)
    Result: -Inf
    Expected: -Inf
    Status: PASS ✓

========================================
Result: 4/4 tests passed
========================================

[FP_INSTRUMENT] Summary for: /home/users/sislam3/SBAC-PAD-opt/results/overflow/round_negative/host.bc

IEEE Exceptions According to the standard
  Total FP Ops:       4
  Div by Zero:        0
  Invalid Ops:        0
  Overflow:           4
  Underflow:          0

Detailed Breakdown
  NaNs (Input):       -1
  NaNs (Created):     -1
  Denormals Produced: 0

Workload Stats
  Kernels Launched:   1
  Operations Total:   0

Derived Metrics
  Total Exceptions:   4
  Exception Density:  1000000 (per million ops)
  NaN Prop Rate:      -1 (per million NaNs)
  Subnormal Rate:     -1 (per million underflows)
  Instability Score:  -1

[FP_INSTRUMENT] Finalized.
