=== Part 2: Device pipeline ===
[FPPass] Running on device module: nvptx64-nvidia-cuda
[FPPass] Declared device counter array: fp_counters[6]
[FPPass] Visiting function: _Z14testInvalidFMAPf [KERNEL]
[FPPass]   Collected 5 instructions to instrument
[FPPass]   INSTRUMENT _Z14testInvalidFMAPf:133 op=6
[FPPass]     -> Injected check: ex=0 op=6 line=133
[FPPass]     -> Injected check: ex=2 op=6 line=133
[FPPass]     -> Injected check: ex=3 op=6 line=133
[FPPass]     -> Injected check: ex=5 op=6 line=133
[FPPass]   INSTRUMENT _Z14testInvalidFMAPf:133 op=6
[FPPass]     -> Injected check: ex=0 op=6 line=133
[FPPass]     -> Injected check: ex=2 op=6 line=133
[FPPass]     -> Injected check: ex=3 op=6 line=133
[FPPass]     -> Injected check: ex=5 op=6 line=133
[FPPass]   INSTRUMENT _Z14testInvalidFMAPf:133 op=6
[FPPass]     -> Injected check: ex=0 op=6 line=133
[FPPass]     -> Injected check: ex=2 op=6 line=133
[FPPass]     -> Injected check: ex=3 op=6 line=133
[FPPass]     -> Injected check: ex=5 op=6 line=133
[FPPass]   INSTRUMENT _Z14testInvalidFMAPf:133 op=6
[FPPass]     -> Injected check: ex=0 op=6 line=133
[FPPass]     -> Injected check: ex=2 op=6 line=133
[FPPass]     -> Injected check: ex=3 op=6 line=133
[FPPass]     -> Injected check: ex=5 op=6 line=133
[FPPass]   INSTRUMENT _Z14testInvalidFMAPf:133 op=6
[FPPass]     -> Injected check: ex=0 op=6 line=133
[FPPass]     -> Injected check: ex=2 op=6 line=133
[FPPass]     -> Injected check: ex=3 op=6 line=133
[FPPass]     -> Injected check: ex=5 op=6 line=133
[FPPass] SUMMARY: visited 1 functions, instrumented 5 instructions
=== Part 3: Host pipeline ===
[HostPass] Running on Host Module: /home/users/sislam3/SBAC-PAD/results/invalid/fma_zero_inf/host.bc
[HostPass] Created host shadow: fp_counters[6]
[HostPass] Registered shadow: fp_counters[6] (48 bytes)
[HostPass] Found main(), injecting PAPI lifecycle.
=== Part 4: Link ===
