[DBG] invalid=5 divzero=0 overflow=0 underflow=0 total=0 subnormal=0
[FP_INSTRUMENT] Initialized for: /home/users/sislam3/SBAC-PAD/results/invalid/fma_zero_inf/host.bc
[FP_INSTRUMENT] PAPI SDE provider: CUDA_FP_ANALYSIS
========================================
[TEST] Invalid Operation: FMA(0, ∞, c)
[IEEE 754 Clause 7.2.0.c]
========================================
Expected: First 4 results = NaN
          Last result = implementation defined

[RESULT 0] value = nan, isNaN = YES ✓
[RESULT 1] value = nan, isNaN = YES ✓
[RESULT 2] value = nan, isNaN = YES ✓
[RESULT 3] value = nan, isNaN = YES ✓
[RESULT 4] value = nan, isNaN = YES
========================================

[FP_INSTRUMENT] Summary for: /home/users/sislam3/SBAC-PAD/results/invalid/fma_zero_inf/host.bc

IEEE Exceptions According to the standard
  Total FP Ops:       0
  Div by Zero:        0
  Invalid Ops:        5
  Overflow:           0
  Underflow:          0

Detailed Breakdown
  NaNs (Input):       0
  NaNs (Created):     0
  Denormals Produced: 0

Workload Stats
  Kernels Launched:   1
  Operations Total:   0

Derived Metrics
  Total Exceptions:   5
  Exception Density:  0 (per million ops)
  NaN Prop Rate:      0 (per million NaNs)
  Subnormal Rate:     0 (per million underflows)
  Instability Score:  0

[FP_INSTRUMENT] Finalized.
