Generating 512x512 synthetic inputs...
  wrote 262144 cells each

=== SANITY: baseline ===
WG size of kernel = 16 X 16
pyramidHeight: 2
gridSize: [512, 512]
border:[2, 2]
blockGrid:[43, 43]
targetBlock:[12, 12]
Start computing the transient temperature
Ending simulation

=== SANITY: instrumented ===
targetBlock:[12, 12]
Start computing the transient temperature
Ending simulation

[FP_INSTRUMENT] Summary for: /home/users/sislam3/SBAC-PAD/tests/benchmarks/rodinia/hotspot/build/host.bc

IEEE Exceptions According to the standard
  Total FP Ops:       0
  Div by Zero:        0
  Invalid Ops:        0
  Overflow:           0
  Underflow:          0

Detailed Breakdown
  NaNs (Input):       0
  NaNs (Created):     0
  Denormals Produced: 0

Workload Stats
  Kernels Launched:   0
  Operations Total:   0

Derived Metrics
  Total Exceptions:   0
  Exception Density:  0 (per million ops)
  NaN Prop Rate:      0 (per million NaNs)
  Subnormal Rate:     0 (per million underflows)
  Instability Score:  0

[FP_INSTRUMENT] Finalized.

=== ncu: baseline ===

=== ncu: instrumented ===

=== AGGREGATE ===
  baseline:     0 ns total over 0 kernel launches
  instrumented: 0 ns total over 0 kernel launches
