=== Part 2: Device pipeline ===
[FPPass] Running on device module: nvptx64-nvidia-cuda
[FPPass] Declared device counter: fp_invalid_counter
[FPPass] Declared device counter: fp_divbyzero_counter
[FPPass] Declared device counter: fp_overflow_counter
[FPPass] Declared device counter: fp_underflow_counter
[FPPass] Declared device counter: fp_total_counter
[FPPass] Declared device counter: fp_subnormal_counter
[FPPass] Visiting function: _Z15testInvalidSqrtPf [KERNEL]
[FPPass]   COLLECT sqrt @ _Z15testInvalidSqrtPf:318
[FPPass]   COLLECT sqrt @ _Z15testInvalidSqrtPf:318
[FPPass]   COLLECT sqrt @ _Z15testInvalidSqrtPf:318
[FPPass]   COLLECT sqrt @ _Z15testInvalidSqrtPf:318
[FPPass]   COLLECT sqrt @ _Z15testInvalidSqrtPf:318
[FPPass]   COLLECT sqrt @ _Z15testInvalidSqrtPf:318
[FPPass]   COLLECT sqrt @ _Z15testInvalidSqrtPf:318
[FPPass]   Collected 7 instructions to instrument
[FPPass]   INSTRUMENT _Z15testInvalidSqrtPf:318 op=5
[FPPass]     -> Injected check: ex=0 op=5 line=318
[FPPass]   INSTRUMENT _Z15testInvalidSqrtPf:318 op=5
[FPPass]     -> Injected check: ex=0 op=5 line=318
[FPPass]   INSTRUMENT _Z15testInvalidSqrtPf:318 op=5
[FPPass]     -> Injected check: ex=0 op=5 line=318
[FPPass]   INSTRUMENT _Z15testInvalidSqrtPf:318 op=5
[FPPass]     -> Injected check: ex=0 op=5 line=318
[FPPass]   INSTRUMENT _Z15testInvalidSqrtPf:318 op=5
[FPPass]     -> Injected check: ex=0 op=5 line=318
[FPPass]   INSTRUMENT _Z15testInvalidSqrtPf:318 op=5
[FPPass]     -> Injected check: ex=0 op=5 line=318
[FPPass]   INSTRUMENT _Z15testInvalidSqrtPf:318 op=5
[FPPass]     -> Injected check: ex=0 op=5 line=318
[FPPass] SUMMARY: visited 1 functions, instrumented 7 instructions
=== Part 3: Host pipeline ===
[HostPass] Running on Host Module: /home/users/sislam3/SBAC-PAD/results/invalid/sqrt/host.bc
[HostPass] Created host shadow: fp_invalid_counter
[HostPass] Created host shadow: fp_divbyzero_counter
[HostPass] Created host shadow: fp_overflow_counter
[HostPass] Created host shadow: fp_underflow_counter
[HostPass] Created host shadow: fp_total_counter
[HostPass] Created host shadow: fp_subnormal_counter
[HostPass] Registered shadow: fp_invalid_counter
[HostPass] Registered shadow: fp_divbyzero_counter
[HostPass] Registered shadow: fp_overflow_counter
[HostPass] Registered shadow: fp_underflow_counter
[HostPass] Registered shadow: fp_total_counter
[HostPass] Registered shadow: fp_subnormal_counter
[HostPass] Found main(), injecting PAPI lifecycle.
[HostPass] Instrumented 1 kernel launches.
=== Part 4: Link ===
