[FP_INSTRUMENT] Initialized for: /home/users/sislam3/SBAC-PAD-opt/results/invalid/sqrt/host.bc
[FP_INSTRUMENT] PAPI SDE provider: CUDA_FP_ANALYSIS
========================================
[TEST] Invalid Operation: sqrt(x) where x < 0
[IEEE 754 Clause 7.2.0.g]
========================================
Operations:
  [0] sqrt(-1)
  [1] sqrt(-100)
  [2] sqrt(-0.5)
  [3] sqrt(0) - valid
  [4] sqrt(-0) - valid
  [5] sqrt(4) - valid
  [6] sqrt(-Inf)
Expected: [0-2,6] = NaN, [3-5] = valid results

[RESULT 0] value = nan, isNaN = YES ✓
[RESULT 1] value = nan, isNaN = YES ✓
[RESULT 2] value = nan, isNaN = YES ✓
[RESULT 3] value = 0.000000, isNaN = NO ✓
[RESULT 4] value = -0.000000, isNaN = NO ✓
[RESULT 5] value = 2.000000, isNaN = NO ✓
[RESULT 6] value = nan, isNaN = YES ✓
========================================

[FP_INSTRUMENT] Summary for: /home/users/sislam3/SBAC-PAD-opt/results/invalid/sqrt/host.bc

IEEE Exceptions According to the standard
  Total FP Ops:       7
  Div by Zero:        0
  Invalid Ops:        5
  Overflow:           0
  Underflow:          0

Detailed Breakdown
  NaNs (Input):       -1
  NaNs (Created):     -1
  Denormals Produced: 0

Workload Stats
  Kernels Launched:   1
  Operations Total:   0

Derived Metrics
  Total Exceptions:   5
  Exception Density:  714285 (per million ops)
  NaN Prop Rate:      -1 (per million NaNs)
  Subnormal Rate:     -1 (per million underflows)
  Instability Score:  -1

[FP_INSTRUMENT] Finalized.
