=== Part 2: Device pipeline ===
[FPPass] Running on device module: nvptx64-nvidia-cuda
[FPPass] Declared device counter: fp_invalid_counter
[FPPass] Declared device counter: fp_divbyzero_counter
[FPPass] Declared device counter: fp_overflow_counter
[FPPass] Declared device counter: fp_underflow_counter
[FPPass] Declared device counter: fp_total_counter
[FPPass] Declared device counter: fp_subnormal_counter
[FPPass] Visiting function: _Z12is_subnormalf [device]
[FPPass]   Collected 0 instructions to instrument
[FPPass] Visiting function: _Z20testGradualUnderflowPfPi [KERNEL]
[FPPass]   COLLECT fdiv @ _Z20testGradualUnderflowPfPi:23
[FPPass]   COLLECT fdiv @ _Z20testGradualUnderflowPfPi:28
[FPPass]   COLLECT fdiv @ _Z20testGradualUnderflowPfPi:33
[FPPass]   COLLECT fdiv @ _Z20testGradualUnderflowPfPi:38
[FPPass]   COLLECT fdiv @ _Z20testGradualUnderflowPfPi:43
[FPPass]   COLLECT fdiv @ _Z20testGradualUnderflowPfPi:48
[FPPass]   COLLECT fdiv @ _Z20testGradualUnderflowPfPi:53
[FPPass]   Collected 7 instructions to instrument
[FPPass]   INSTRUMENT _Z20testGradualUnderflowPfPi:23 op=3
[FPPass]     -> Injected check: ex=0 op=3 line=23
[FPPass]     -> Injected check: ex=1 op=3 line=23
[FPPass]     -> Injected check: ex=2 op=3 line=23
[FPPass]     -> Injected check: ex=3 op=3 line=23
[FPPass]   INSTRUMENT _Z20testGradualUnderflowPfPi:28 op=3
[FPPass]     -> Injected check: ex=0 op=3 line=28
[FPPass]     -> Injected check: ex=1 op=3 line=28
[FPPass]     -> Injected check: ex=2 op=3 line=28
[FPPass]     -> Injected check: ex=3 op=3 line=28
[FPPass]   INSTRUMENT _Z20testGradualUnderflowPfPi:33 op=3
[FPPass]     -> Injected check: ex=0 op=3 line=33
[FPPass]     -> Injected check: ex=1 op=3 line=33
[FPPass]     -> Injected check: ex=2 op=3 line=33
[FPPass]     -> Injected check: ex=3 op=3 line=33
[FPPass]   INSTRUMENT _Z20testGradualUnderflowPfPi:38 op=3
[FPPass]     -> Injected check: ex=0 op=3 line=38
[FPPass]     -> Injected check: ex=1 op=3 line=38
[FPPass]     -> Injected check: ex=2 op=3 line=38
[FPPass]     -> Injected check: ex=3 op=3 line=38
[FPPass]   INSTRUMENT _Z20testGradualUnderflowPfPi:43 op=3
[FPPass]     -> Injected check: ex=0 op=3 line=43
[FPPass]     -> Injected check: ex=1 op=3 line=43
[FPPass]     -> Injected check: ex=2 op=3 line=43
[FPPass]     -> Injected check: ex=3 op=3 line=43
[FPPass]   INSTRUMENT _Z20testGradualUnderflowPfPi:48 op=3
[FPPass]     -> Injected check: ex=0 op=3 line=48
[FPPass]     -> Injected check: ex=1 op=3 line=48
[FPPass]     -> Injected check: ex=2 op=3 line=48
[FPPass]     -> Injected check: ex=3 op=3 line=48
[FPPass]   INSTRUMENT _Z20testGradualUnderflowPfPi:53 op=3
[FPPass]     -> Injected check: ex=0 op=3 line=53
[FPPass]     -> Injected check: ex=1 op=3 line=53
[FPPass]     -> Injected check: ex=2 op=3 line=53
[FPPass]     -> Injected check: ex=3 op=3 line=53
[FPPass] SUMMARY: visited 2 functions, instrumented 7 instructions
=== Part 3: Host pipeline ===
[HostPass] Running on Host Module: /home/users/sislam3/SBAC-PAD/results/underflow/gradual/host.bc
[HostPass] Created host shadow: fp_invalid_counter
[HostPass] Created host shadow: fp_divbyzero_counter
[HostPass] Created host shadow: fp_overflow_counter
[HostPass] Created host shadow: fp_underflow_counter
[HostPass] Created host shadow: fp_total_counter
[HostPass] Created host shadow: fp_subnormal_counter
[HostPass] Registered shadow: fp_invalid_counter
[HostPass] Registered shadow: fp_divbyzero_counter
[HostPass] Registered shadow: fp_overflow_counter
[HostPass] Registered shadow: fp_underflow_counter
[HostPass] Registered shadow: fp_total_counter
[HostPass] Registered shadow: fp_subnormal_counter
[HostPass] Found main(), injecting PAPI lifecycle.
[HostPass] Instrumented 1 kernel launches.
=== Part 4: Link ===
