[FP_INSTRUMENT] Initialized for: /home/users/sislam3/SBAC-PAD-opt/results/underflow/gradual/host.bc
[FP_INSTRUMENT] PAPI SDE provider: CUDA_FP_ANALYSIS
========================================
[TEST] Gradual Underflow (Denormal Range)
[IEEE 754 Clause 7.5.0]
========================================
FLT_MIN = 1.175494e-38
Showing gradual underflow from normalized to zero

Step | Value              | Status
-----|--------------------|-----------------
 0   | 1.175494e-38 | NORMALIZED
 1   | 5.877472e-39 | DENORMAL ⚠
 2   | 2.938736e-39 | DENORMAL ⚠
 3   | 1.469368e-39 | DENORMAL ⚠
 4   | 7.346840e-40 | DENORMAL ⚠
 5   | 1.147944e-41 | DENORMAL ⚠
 6   | 1.121039e-44 | DENORMAL ⚠
 7   | 0.000000e+00 | ZERO (flushed)

========================================
Denormals allow gradual underflow:
  Instead of: value → 0 (abrupt)
  We get: value → denorm1 → denorm2 → ... → 0 (gradual)
========================================

[FP_INSTRUMENT] Summary for: /home/users/sislam3/SBAC-PAD-opt/results/underflow/gradual/host.bc

IEEE Exceptions According to the standard
  Total FP Ops:       7
  Div by Zero:        0
  Invalid Ops:        0
  Overflow:           0
  Underflow:          7

Detailed Breakdown
  NaNs (Input):       -1
  NaNs (Created):     -1
  Denormals Produced: 0

Workload Stats
  Kernels Launched:   1
  Operations Total:   0

Derived Metrics
  Total Exceptions:   7
  Exception Density:  1000000 (per million ops)
  NaN Prop Rate:      -1 (per million NaNs)
  Subnormal Rate:     -1 (per million underflows)
  Instability Score:  -1

[FP_INSTRUMENT] Finalized.
