=== Part 2: Device pipeline ===
[FPPass] Running on device module: nvptx64-nvidia-cuda
[FPPass] Declared device counter: fp_invalid_counter
[FPPass] Declared device counter: fp_divbyzero_counter
[FPPass] Declared device counter: fp_overflow_counter
[FPPass] Declared device counter: fp_underflow_counter
[FPPass] Declared device counter: fp_total_counter
[FPPass] Declared device counter: fp_subnormal_counter
[FPPass] Visiting function: _Z14testInvalidMulPf [KERNEL]
[FPPass]   COLLECT fmul @ _Z14testInvalidMulPf:12
[FPPass]   COLLECT fmul @ _Z14testInvalidMulPf:13
[FPPass]   COLLECT fmul @ _Z14testInvalidMulPf:14
[FPPass]   COLLECT fmul @ _Z14testInvalidMulPf:15
[FPPass]   Collected 4 instructions to instrument
[FPPass]   INSTRUMENT _Z14testInvalidMulPf:12 op=2
[DBG] detectInvalidOp: OpID=2 Op0=2 Ty=2
[FPPass]     -> Injected check: ex=0 op=2 line=12
[FPPass]     -> Injected check: ex=2 op=2 line=12
[FPPass]     -> Injected check: ex=3 op=2 line=12
[FPPass]   INSTRUMENT _Z14testInvalidMulPf:13 op=2
[DBG] detectInvalidOp: OpID=2 Op0=2 Ty=2
[FPPass]     -> Injected check: ex=0 op=2 line=13
[FPPass]     -> Injected check: ex=2 op=2 line=13
[FPPass]     -> Injected check: ex=3 op=2 line=13
[FPPass]   INSTRUMENT _Z14testInvalidMulPf:14 op=2
[DBG] detectInvalidOp: OpID=2 Op0=2 Ty=2
[FPPass]     -> Injected check: ex=0 op=2 line=14
[FPPass]     -> Injected check: ex=2 op=2 line=14
[FPPass]     -> Injected check: ex=3 op=2 line=14
[FPPass]   INSTRUMENT _Z14testInvalidMulPf:15 op=2
[DBG] detectInvalidOp: OpID=2 Op0=2 Ty=2
[FPPass]     -> Injected check: ex=0 op=2 line=15
[FPPass]     -> Injected check: ex=2 op=2 line=15
[FPPass]     -> Injected check: ex=3 op=2 line=15
[FPPass] SUMMARY: visited 1 functions, instrumented 4 instructions
=== Part 3: Host pipeline ===
[HostPass] Running on Host Module: /home/users/sislam3/SBAC-PAD/results/invalid/mul_zero_inf/host.bc
[HostPass] Created host shadow: fp_invalid_counter
[HostPass] Created host shadow: fp_divbyzero_counter
[HostPass] Created host shadow: fp_overflow_counter
[HostPass] Created host shadow: fp_underflow_counter
[HostPass] Created host shadow: fp_total_counter
[HostPass] Created host shadow: fp_subnormal_counter
[HostPass] Registered shadow: fp_invalid_counter
[HostPass] Registered shadow: fp_divbyzero_counter
[HostPass] Registered shadow: fp_overflow_counter
[HostPass] Registered shadow: fp_underflow_counter
[HostPass] Registered shadow: fp_total_counter
[HostPass] Registered shadow: fp_subnormal_counter
[HostPass] Found main(), injecting PAPI lifecycle.
[HostPass] Instrumented 1 kernel launches.
=== Part 4: Link ===
