[FP_INSTRUMENT] Initialized for: /home/users/sislam3/SBAC-PAD-opt/results/invalid/mul_zero_inf/host.bc
[FP_INSTRUMENT] PAPI SDE provider: CUDA_FP_ANALYSIS
========================================
[TEST] Invalid Operation: 0 × ∞
[IEEE 754 Clause 7.2.0.b]
========================================
Expected: All results should be NaN

[RESULT 0] value = nan, isNaN = YES ✓
[RESULT 1] value = nan, isNaN = YES ✓
[RESULT 2] value = nan, isNaN = YES ✓
[RESULT 3] value = nan, isNaN = YES ✓

Summary: 4/4 results are NaN
Test PASSED ✓
========================================

[FP_INSTRUMENT] Summary for: /home/users/sislam3/SBAC-PAD-opt/results/invalid/mul_zero_inf/host.bc

IEEE Exceptions According to the standard
  Total FP Ops:       4
  Div by Zero:        0
  Invalid Ops:        4
  Overflow:           0
  Underflow:          0

Detailed Breakdown
  NaNs (Input):       -1
  NaNs (Created):     -1
  Denormals Produced: 0

Workload Stats
  Kernels Launched:   1
  Operations Total:   0

Derived Metrics
  Total Exceptions:   4
  Exception Density:  1000000 (per million ops)
  NaN Prop Rate:      -1 (per million NaNs)
  Subnormal Rate:     -1 (per million underflows)
  Instability Score:  -1

[FP_INSTRUMENT] Finalized.
