=== Part 2: Device pipeline ===
[FPPass] Running on device module: nvptx64-nvidia-cuda
[FPPass] Declared device counter array: fp_counters[6]
[FPPass] Visiting function: _Z17testInvalidInfSubPf [KERNEL]
[FPPass]   COLLECT fadd @ _Z17testInvalidInfSubPf:12
[FPPass]   COLLECT fsub @ _Z17testInvalidInfSubPf:13
[FPPass]   COLLECT fsub @ _Z17testInvalidInfSubPf:14
[FPPass]   COLLECT fadd @ _Z17testInvalidInfSubPf:15
[FPPass]   Collected 5 instructions to instrument
[FPPass]   INSTRUMENT _Z17testInvalidInfSubPf:12 op=0
[FPPass]     -> Injected check: ex=0 op=0 line=12
[FPPass]     -> Injected check: ex=2 op=0 line=12
[FPPass]     -> Injected check: ex=5 op=0 line=12
[FPPass]   INSTRUMENT _Z17testInvalidInfSubPf:13 op=1
[FPPass]     -> Injected check: ex=0 op=1 line=13
[FPPass]     -> Injected check: ex=2 op=1 line=13
[FPPass]     -> Injected check: ex=5 op=1 line=13
[FPPass]   INSTRUMENT _Z17testInvalidInfSubPf:14 op=1
[FPPass]     -> Injected check: ex=0 op=1 line=14
[FPPass]     -> Injected check: ex=2 op=1 line=14
[FPPass]     -> Injected check: ex=5 op=1 line=14
[FPPass]   INSTRUMENT _Z17testInvalidInfSubPf:15 op=0
[FPPass]     -> Injected check: ex=0 op=0 line=15
[FPPass]     -> Injected check: ex=2 op=0 line=15
[FPPass]     -> Injected check: ex=5 op=0 line=15
[FPPass]   INSTRUMENT _Z17testInvalidInfSubPf:133 op=6
[FPPass]     -> Injected check: ex=0 op=6 line=133
[FPPass]     -> Injected check: ex=2 op=6 line=133
[FPPass]     -> Injected check: ex=3 op=6 line=133
[FPPass]     -> Injected check: ex=5 op=6 line=133
[FPPass] SUMMARY: visited 1 functions, instrumented 5 instructions
=== Part 3: Host pipeline ===
[HostPass] Running on Host Module: /home/users/sislam3/SBAC-PAD/results/invalid/inf_sub/host.bc
[HostPass] Created host shadow: fp_counters[6]
[HostPass] Registered shadow: fp_counters[6] (48 bytes)
[HostPass] Found main(), injecting PAPI lifecycle.
=== Part 4: Link ===
