[FP_INSTRUMENT] Initialized for: /home/users/sislam3/SBAC-PAD-opt/results/invalid/inf_sub/host.bc
[FP_INSTRUMENT] PAPI SDE provider: CUDA_FP_ANALYSIS
========================================
[TEST] Invalid Operation: Inf - Inf
[IEEE 754 Clause 7.2.0.d]
========================================
Operations:
  [0] +Inf + (-Inf)
  [1] +Inf - (+Inf)
  [2] -Inf - (-Inf)
  [3] -Inf + (+Inf)
  [4] FMA(2, +Inf, -Inf)
Expected: All results = NaN

[RESULT 0] value = nan, isNaN = YES ✓
[RESULT 1] value = nan, isNaN = YES ✓
[RESULT 2] value = nan, isNaN = YES ✓
[RESULT 3] value = nan, isNaN = YES ✓
[RESULT 4] value = nan, isNaN = YES ✓

Summary: 5/5 results are NaN
Test PASSED ✓
========================================

[FP_INSTRUMENT] Summary for: /home/users/sislam3/SBAC-PAD-opt/results/invalid/inf_sub/host.bc

IEEE Exceptions According to the standard
  Total FP Ops:       5
  Div by Zero:        0
  Invalid Ops:        4
  Overflow:           0
  Underflow:          0

Detailed Breakdown
  NaNs (Input):       -1
  NaNs (Created):     -1
  Denormals Produced: 0

Workload Stats
  Kernels Launched:   1
  Operations Total:   0

Derived Metrics
  Total Exceptions:   4
  Exception Density:  800000 (per million ops)
  NaN Prop Rate:      -1 (per million NaNs)
  Subnormal Rate:     -1 (per million underflows)
  Instability Score:  -1

[FP_INSTRUMENT] Finalized.
