=== Part 2: Device pipeline ===
[FPPass] Running on device module: nvptx64-nvidia-cuda
[FPPass] Declared device counter array: fp_counters[6]
[FPPass] Visiting function: _Z12is_subnormalf [device]
[FPPass]   Collected 0 instructions to instrument
[FPPass] Visiting function: _Z22testIterativeUnderflowPfPi [KERNEL]
[FPPass]   COLLECT fmul @ _Z22testIterativeUnderflowPfPi:21
[FPPass]   Collected 1 instructions to instrument
[FPPass]   INSTRUMENT _Z22testIterativeUnderflowPfPi:21 op=2
[FPPass]     -> Injected check: ex=0 op=2 line=21
[FPPass]     -> Injected check: ex=2 op=2 line=21
[FPPass]     -> Injected check: ex=3 op=2 line=21
[FPPass]     -> Injected check: ex=5 op=2 line=21
[FPPass] Visiting function: _Z23testUnderflow_SummationPf [KERNEL]
[FPPass]   COLLECT fadd @ _Z23testUnderflow_SummationPf:50
[FPPass]   Collected 1 instructions to instrument
[FPPass]   INSTRUMENT _Z23testUnderflow_SummationPf:50 op=0
[FPPass]     -> Injected check: ex=0 op=0 line=50
[FPPass]     -> Injected check: ex=2 op=0 line=50
[FPPass]     -> Injected check: ex=5 op=0 line=50
[FPPass] SUMMARY: visited 3 functions, instrumented 2 instructions
=== Part 3: Host pipeline ===
[HostPass] Running on Host Module: /home/users/sislam3/SBAC-PAD/results/underflow/iterative/host.bc
[HostPass] Created host shadow: fp_counters[6]
[HostPass] Registered shadow: fp_counters[6] (48 bytes)
[HostPass] Found main(), injecting PAPI lifecycle.
=== Part 4: Link ===
