[FP_INSTRUMENT] Initialized for: /home/users/sislam3/SBAC-PAD-opt/results/invalid/div/host.bc
[FP_INSTRUMENT] PAPI SDE provider: CUDA_FP_ANALYSIS
========================================
[TEST] Invalid Operation: 0/0 and Inf/Inf
[IEEE 754 Clause 7.2.0.e]
========================================
Operations:
  [0] 0 / 0
  [1] +Inf / +Inf
  [2] -Inf / -Inf
  [3] +Inf / -Inf
  [4] -Inf / +Inf
  [5] 1 / 0 (valid - should be Inf)
Expected: [0-4] = NaN, [5] = Inf

[RESULT 0] value = nan, isNaN = YES, isInf = NO ✓
[RESULT 1] value = nan, isNaN = YES, isInf = NO ✓
[RESULT 2] value = nan, isNaN = YES, isInf = NO ✓
[RESULT 3] value = nan, isNaN = YES, isInf = NO ✓
[RESULT 4] value = nan, isNaN = YES, isInf = NO ✓
[RESULT 5] value = inf, isNaN = NO, isInf = YES ✓
========================================

[FP_INSTRUMENT] Summary for: /home/users/sislam3/SBAC-PAD-opt/results/invalid/div/host.bc

IEEE Exceptions According to the standard
  Total FP Ops:       6
  Div by Zero:        1
  Invalid Ops:        5
  Overflow:           0
  Underflow:          0

Detailed Breakdown
  NaNs (Input):       -1
  NaNs (Created):     -1
  Denormals Produced: 0

Workload Stats
  Kernels Launched:   1
  Operations Total:   0

Derived Metrics
  Total Exceptions:   6
  Exception Density:  1000000 (per million ops)
  NaN Prop Rate:      -1 (per million NaNs)
  Subnormal Rate:     -1 (per million underflows)
  Instability Score:  -1

[FP_INSTRUMENT] Finalized.
