[FP_INSTRUMENT] Initialized for: /home/users/sislam3/SBAC-PAD/results/underflow/basic/host.bc
[FP_INSTRUMENT] PAPI SDE provider: CUDA_FP_ANALYSIS
========================================
[TEST] Underflow - Different Operations
[IEEE 754 Clause 7.5.0]
========================================
FLT_MIN = 1.175494e-38
Testing: DIV, MUL, SUB, ADD, SQRT, EXP, POW, LOG

[0] FLT_MIN / 100
    Result: 1.175493e-40
    Is denormal: YES
    Is zero: NO
    Underflow: YES ✓

[1] FLT_MIN × 0.01
    Result: 1.175493e-40
    Is denormal: YES
    Is zero: NO
    Underflow: YES ✓

[2] (FLT_MIN + ε) - FLT_MIN
    Result: 1.175495e-39
    Is denormal: YES
    Is zero: NO
    Underflow: YES ✓

[3] denorm + denorm
    Result: 2.350989e-39
    Is denormal: YES
    Is zero: NO
    Underflow: YES ✓

[4] sqrt(FLT_MIN)
    Result: 1.084202e-19
    Is denormal: NO
    Is zero: NO
    Underflow: NO

[5] exp(-100)
    Result: 3.783506e-44
    Is denormal: YES
    Is zero: NO
    Underflow: YES ✓

[6] pow(0.1, 40)
    Result: 9.999946e-41
    Is denormal: YES
    Is zero: NO
    Underflow: YES ✓

[7] log(1 + FLT_MIN)
    Result: 0.000000e+00
    Is denormal: NO
    Is zero: YES (flushed)
    Underflow: NO

========================================
Underflow operations: 6/8
========================================

[FP_INSTRUMENT] Summary for: /home/users/sislam3/SBAC-PAD/results/underflow/basic/host.bc

IEEE Exceptions According to the standard
  Total FP Ops:       0
  Div by Zero:        0
  Invalid Ops:        0
  Overflow:           0
  Underflow:          8

Detailed Breakdown
  NaNs (Input):       0
  NaNs (Created):     0
  Denormals Produced: 5

Workload Stats
  Kernels Launched:   1
  Operations Total:   0

Derived Metrics
  Total Exceptions:   8
  Exception Density:  0 (per million ops)
  NaN Prop Rate:      0 (per million NaNs)
  Subnormal Rate:     625000 (per million underflows)
  Instability Score:  0

[FP_INSTRUMENT] Finalized.
