Paths:
  PROJ_ROOT:    /home/users/sislam3/SBAC-PAD
  HOTSPOT_SRC:  /home/users/sislam3/SBAC-PAD/tests/benchmarks/rodinia/hotspot/hotspot.cu
  HOTSPOT_UTIL: /home/users/sislam3/SBAC-PAD/tests/benchmarks/rodinia/hotspot/../util
  OUTDIR:       /home/users/sislam3/SBAC-PAD/tests/benchmarks/rodinia/hotspot/build

=== BASELINE (nvcc -O2) ===
Remark: The warnings can be suppressed with "-diag-suppress <warning-number>"

/home/users/sislam3/SBAC-PAD/tests/benchmarks/rodinia/hotspot/hotspot.cu(92): warning #2464-D: conversion from a string literal to "char *" is deprecated
     fatal("invalid file format");
           ^

/home/users/sislam3/SBAC-PAD/tests/benchmarks/rodinia/hotspot/hotspot.cu(312): warning #2464-D: conversion from a string literal to "char *" is deprecated
          fatal("unable to allocate memory");
                ^

  -> /home/users/sislam3/SBAC-PAD/tests/benchmarks/rodinia/hotspot/build/hotspot_baseline

=== INSTRUMENTED ===
  [1] device bitcode
      |                               ^
/home/users/sislam3/SBAC-PAD/tests/benchmarks/rodinia/hotspot/hotspot.cu:312:15: warning: ISO C++11 does not allow conversion from string literal to 'char *' [-Wwritable-strings]
  312 |         fatal("unable to allocate memory");
      |               ^
3 warnings generated when compiling for sm_80.
  [2] llvm-link libdevice
  [3] device pass
[FPPass] SUMMARY: visited 1 functions, instrumented 19 instructions
  [4] opt -O2
  [5] llc -> PTX
  [6] host bitcode
      |                               ^
/home/users/sislam3/SBAC-PAD/tests/benchmarks/rodinia/hotspot/hotspot.cu:312:15: warning: ISO C++11 does not allow conversion from string literal to 'char *' [-Wwritable-strings]
  312 |         fatal("unable to allocate memory");
      |               ^
3 warnings generated when compiling for host.
  [7] host pass
[HostPass] Registered shadow: fp_overflow_counter
[HostPass] Registered shadow: fp_underflow_counter
[HostPass] Registered shadow: fp_total_counter
[HostPass] Registered shadow: fp_subnormal_counter
[HostPass] Instrumented 1 kernel launches.
  [8] link

DONE.
-rwxr-xr-x. 1 sislam3 prl_collab 1004344 May 17 13:55 /home/users/sislam3/SBAC-PAD/tests/benchmarks/rodinia/hotspot/build/hotspot_baseline
-rwxr-xr-x. 1 sislam3 prl_collab  274016 May 17 13:55 /home/users/sislam3/SBAC-PAD/tests/benchmarks/rodinia/hotspot/build/hotspot_instrumented
