
=== divZero / divByZero ===
  kernel:       testDivByZero
  baseline:     5440 ns
  instrumented: 46592 ns
  overhead:     756.47%  (8.56x)

=== divZero / logB_test ===
  kernel:       testLogBZero
  baseline:     3136 ns
  instrumented: 10880 ns
  overhead:     246.93%  (3.46x)

=== invalid / div ===
  kernel:       testInvalidDiv
  baseline:     4256 ns
  instrumented: 28448 ns
  overhead:     568.42%  (6.68x)

=== invalid / fma_zero_inf ===
  kernel:       testInvalidFMA
  baseline:     3136 ns
  instrumented: 20992 ns
  overhead:     569.38%  (6.69x)

=== invalid / inf_sub ===
  kernel:       testInvalidInfSub
  baseline:     3168 ns
  instrumented: 13664 ns
  overhead:     331.31%  (4.31x)

=== invalid / mul_zero_inf ===
  kernel:       testInvalidMul
  baseline:     3072 ns
  instrumented: 13728 ns
  overhead:     346.87%  (4.46x)

=== overflow / round_nearest ===
  kernel:       testOverflow_RoundNearest
  baseline:     3104 ns
  instrumented: 10368 ns
  overhead:     234.02%  (3.34x)

=== overflow / round_negative ===
  kernel:       testOverflow_RoundNegative
  baseline:     3072 ns
  instrumented: 8192 ns
  overhead:     166.66%  (2.66x)

=== overflow / round_positive ===
  kernel:       testOverflow_RoundPositive
  baseline:     3168 ns
  instrumented: 8224 ns
  overhead:     159.59%  (2.59x)

=== overflow / round_zero ===
  kernel:       testOverflow_RoundZero
  baseline:     3040 ns
  instrumented: 10336 ns
  overhead:     240.00%  (3.40x)

=== underflow / denormal ===
  kernel:       testDenormalOperations
  baseline:     3104 ns
  instrumented: 22496 ns
  overhead:     624.74%  (7.24x)

=== underflow / gradual ===
  kernel:       testGradualUnderflow
  baseline:     3104 ns
  instrumented: 33536 ns
  overhead:     980.41%  (10.80x)

=== underflow / iterative ===
  kernel:       testIterativeUnderflow
  baseline:     5152 ns
  instrumented: 718816 ns
  overhead:     13852.17%  (139.52x)

=== underflow / rounding ===
  kernel:       testUnderflow_RoundNearest
  baseline:     3808 ns
  instrumented: 25120 ns
  overhead:     559.66%  (6.59x)

=== Kernel-Only Overhead Summary ===
category   test            kernel                      baseline_ns  instrumented_ns  overhead_pct  slowdown_x
divZero    divByZero       testDivByZero               5440         46592            756.47        8.56
divZero    logB_test       testLogBZero                3136         10880            246.93        3.46
invalid    div             testInvalidDiv              4256         28448            568.42        6.68
invalid    fma_zero_inf    testInvalidFMA              3136         20992            569.38        6.69
invalid    inf_sub         testInvalidInfSub           3168         13664            331.31        4.31
invalid    mul_zero_inf    testInvalidMul              3072         13728            346.87        4.46
overflow   round_nearest   testOverflow_RoundNearest   3104         10368            234.02        3.34
overflow   round_negative  testOverflow_RoundNegative  3072         8192             166.66        2.66
overflow   round_positive  testOverflow_RoundPositive  3168         8224             159.59        2.59
overflow   round_zero      testOverflow_RoundZero      3040         10336            240.00        3.40
underflow  denormal        testDenormalOperations      3104         22496            624.74        7.24
underflow  gradual         testGradualUnderflow        3104         33536            980.41        10.80
underflow  iterative       testIterativeUnderflow      5152         718816           13852.17      139.52
underflow  rounding        testUnderflow_RoundNearest  3808         25120            559.66        6.59
