-- The C compiler identification is Clang 22.1.5
-- The CXX compiler identification is Clang 22.1.5
-- Detecting C compiler ABI info
-- Detecting C compiler ABI info - done
-- Check for working C compiler: /home/users/sislam3/opt/llvm-22/bin/clang - skipped
-- Detecting C compile features
-- Detecting C compile features - done
-- Detecting CXX compiler ABI info
-- Detecting CXX compiler ABI info - done
-- Check for working CXX compiler: /home/users/sislam3/opt/llvm-22/bin/clang++ - skipped
-- Detecting CXX compile features
-- Detecting CXX compile features - done
-- Found ZLIB: /usr/lib64/libz.so (found version "1.2.11") 
-- Found zstd: /usr/lib64/libzstd.so  
-- Found LibXml2: /usr/lib64/libxml2.so (found version "2.9.7") 
-- Linker detection: GNU ld
-- Performing Test LLVM_LINKER_SUPPORTS_B_SYMBOLIC_FUNCTIONS
-- Performing Test LLVM_LINKER_SUPPORTS_B_SYMBOLIC_FUNCTIONS - Success
-- Registering DevicePass as a pass plugin (static build: OFF)
-- Registering HostPass as a pass plugin (static build: OFF)
-- Configuring done
-- Generating done
-- Build files have been written to: /home/users/sislam3/SBAC-PAD/build
