The system is: Linux - 4.18.0-513.18.1.el8_9.x86_64 - x86_64
Compiling the C compiler identification source file "CMakeCCompilerId.c" succeeded.
Compiler: /home/users/sislam3/opt/llvm-22/bin/clang 
Build flags: 
Id flags:  

The output was:
0


Compilation of the C compiler identification source "CMakeCCompilerId.c" produced "a.out"

The C compiler identification is Clang, found in "/home/users/sislam3/SBAC-PAD/build/CMakeFiles/3.19.6/CompilerIdC/a.out"

Compiling the CXX compiler identification source file "CMakeCXXCompilerId.cpp" succeeded.
Compiler: /home/users/sislam3/opt/llvm-22/bin/clang++ 
Build flags: 
Id flags:  

The output was:
0


Compilation of the CXX compiler identification source "CMakeCXXCompilerId.cpp" produced "a.out"

The CXX compiler identification is Clang, found in "/home/users/sislam3/SBAC-PAD/build/CMakeFiles/3.19.6/CompilerIdCXX/a.out"

Detecting C compiler ABI info compiled with the following output:
Change Dir: /home/users/sislam3/SBAC-PAD/build/CMakeFiles/CMakeTmp

Run Build Command(s):/usr/bin/gmake cmTC_6629b/fast && /usr/bin/gmake  -f CMakeFiles/cmTC_6629b.dir/build.make CMakeFiles/cmTC_6629b.dir/build
gmake[1]: Entering directory '/storage/users/sislam3/SBAC-PAD/build/CMakeFiles/CMakeTmp'
Building C object CMakeFiles/cmTC_6629b.dir/CMakeCCompilerABI.c.o
/home/users/sislam3/opt/llvm-22/bin/clang   -v -o CMakeFiles/cmTC_6629b.dir/CMakeCCompilerABI.c.o -c /storage/packages/cmake/3.19.6/share/cmake-3.19/Modules/CMakeCCompilerABI.c
clang version 22.1.5 (https://github.com/llvm/llvm-project.git 5ea218a153f4d2f815b8244eab3e4b4ba5e00e6c)
Target: x86_64-unknown-linux-gnu
Thread model: posix
InstalledDir: /storage/users/sislam3/opt/llvm-22/bin
Build config: +assertions
Found candidate GCC installation: /opt/rh/gcc-toolset-13/root/usr/lib/gcc/x86_64-redhat-linux/13
Selected GCC installation: /opt/rh/gcc-toolset-13/root/usr/lib/gcc/x86_64-redhat-linux/13
Candidate multilib: .;@m64
Candidate multilib: 32;@m32
Selected multilib: .;@m64
Found CUDA installation: /usr/local/cuda, version 11.6
 (in-process)
 "/storage/users/sislam3/opt/llvm-22/bin/clang-22" -cc1 -triple x86_64-unknown-linux-gnu -emit-obj -disable-free -clear-ast-before-backend -main-file-name CMakeCCompilerABI.c -mrelocation-model pic -pic-level 2 -pic-is-pie -mframe-pointer=all -fmath-errno -ffp-contract=on -fno-rounding-math -mconstructor-aliases -funwind-tables=2 -target-cpu x86-64 -tune-cpu generic -debugger-tuning=gdb -fdebug-compilation-dir=/storage/users/sislam3/SBAC-PAD/build/CMakeFiles/CMakeTmp -v -fcoverage-compilation-dir=/storage/users/sislam3/SBAC-PAD/build/CMakeFiles/CMakeTmp -resource-dir /storage/users/sislam3/opt/llvm-22/lib/clang/22 -internal-isystem /storage/users/sislam3/opt/llvm-22/lib/clang/22/include -internal-isystem /usr/local/include -internal-isystem /opt/rh/gcc-toolset-13/root/usr/lib/gcc/x86_64-redhat-linux/13/../../../../x86_64-redhat-linux/include -internal-externc-isystem /include -internal-externc-isystem /usr/include -ferror-limit 19 -fgnuc-version=4.2.1 -fskip-odr-check-in-gmf -faddrsig -fdwarf2-cfi-asm -o CMakeFiles/cmTC_6629b.dir/CMakeCCompilerABI.c.o -x c /storage/packages/cmake/3.19.6/share/cmake-3.19/Modules/CMakeCCompilerABI.c
clang -cc1 version 22.1.5 based upon LLVM 22.1.5 default target x86_64-unknown-linux-gnu
ignoring nonexistent directory "/opt/rh/gcc-toolset-13/root/usr/lib/gcc/x86_64-redhat-linux/13/../../../../x86_64-redhat-linux/include"
ignoring nonexistent directory "/include"
#include "..." search starts here:
#include <...> search starts here:
 /storage/users/sislam3/opt/llvm-22/lib/clang/22/include
 /usr/local/include
 /usr/include
End of search list.
Linking C executable cmTC_6629b
/storage/packages/cmake/3.19.6/bin/cmake -E cmake_link_script CMakeFiles/cmTC_6629b.dir/link.txt --verbose=1
/home/users/sislam3/opt/llvm-22/bin/clang  -v CMakeFiles/cmTC_6629b.dir/CMakeCCompilerABI.c.o -o cmTC_6629b 
clang version 22.1.5 (https://github.com/llvm/llvm-project.git 5ea218a153f4d2f815b8244eab3e4b4ba5e00e6c)
Target: x86_64-unknown-linux-gnu
Thread model: posix
InstalledDir: /storage/users/sislam3/opt/llvm-22/bin
Build config: +assertions
Found candidate GCC installation: /opt/rh/gcc-toolset-13/root/usr/lib/gcc/x86_64-redhat-linux/13
Selected GCC installation: /opt/rh/gcc-toolset-13/root/usr/lib/gcc/x86_64-redhat-linux/13
Candidate multilib: .;@m64
Candidate multilib: 32;@m32
Selected multilib: .;@m64
Found CUDA installation: /usr/local/cuda, version 11.6
 "/opt/rh/gcc-toolset-13/root/usr/lib/gcc/x86_64-redhat-linux/13/../../../../bin/ld" --hash-style=gnu --eh-frame-hdr -m elf_x86_64 -pie -dynamic-linker /lib64/ld-linux-x86-64.so.2 -o cmTC_6629b /lib/../lib64/Scrt1.o /lib/../lib64/crti.o /opt/rh/gcc-toolset-13/root/usr/lib/gcc/x86_64-redhat-linux/13/crtbeginS.o -L/opt/rh/gcc-toolset-13/root/usr/lib/gcc/x86_64-redhat-linux/13 -L/opt/rh/gcc-toolset-13/root/usr/lib/gcc/x86_64-redhat-linux/13/../../../../lib64 -L/lib/../lib64 -L/usr/lib64 -L/lib -L/usr/lib CMakeFiles/cmTC_6629b.dir/CMakeCCompilerABI.c.o -lgcc --as-needed -lgcc_s --no-as-needed -lc -lgcc --as-needed -lgcc_s --no-as-needed /opt/rh/gcc-toolset-13/root/usr/lib/gcc/x86_64-redhat-linux/13/crtendS.o /lib/../lib64/crtn.o
gmake[1]: Leaving directory '/storage/users/sislam3/SBAC-PAD/build/CMakeFiles/CMakeTmp'



Parsed C implicit include dir info from above output: rv=done
  found start of include info
  found start of implicit include info
    add: [/storage/users/sislam3/opt/llvm-22/lib/clang/22/include]
    add: [/usr/local/include]
    add: [/usr/include]
  end of search list found
  collapse include dir [/storage/users/sislam3/opt/llvm-22/lib/clang/22/include] ==> [/home/users/sislam3/opt/llvm-22/lib/clang/22/include]
  collapse include dir [/usr/local/include] ==> [/usr/local/include]
  collapse include dir [/usr/include] ==> [/usr/include]
  implicit include dirs: [/home/users/sislam3/opt/llvm-22/lib/clang/22/include;/usr/local/include;/usr/include]


Parsed C implicit link information from above output:
  link line regex: [^( *|.*[/\])(ld|CMAKE_LINK_STARTFILE-NOTFOUND|([^/\]+-)?ld|collect2)[^/\]*( |$)]
  ignore line: [Change Dir: /home/users/sislam3/SBAC-PAD/build/CMakeFiles/CMakeTmp]
  ignore line: []
  ignore line: [Run Build Command(s):/usr/bin/gmake cmTC_6629b/fast && /usr/bin/gmake  -f CMakeFiles/cmTC_6629b.dir/build.make CMakeFiles/cmTC_6629b.dir/build]
  ignore line: [gmake[1]: Entering directory '/storage/users/sislam3/SBAC-PAD/build/CMakeFiles/CMakeTmp']
  ignore line: [Building C object CMakeFiles/cmTC_6629b.dir/CMakeCCompilerABI.c.o]
  ignore line: [/home/users/sislam3/opt/llvm-22/bin/clang   -v -o CMakeFiles/cmTC_6629b.dir/CMakeCCompilerABI.c.o -c /storage/packages/cmake/3.19.6/share/cmake-3.19/Modules/CMakeCCompilerABI.c]
  ignore line: [clang version 22.1.5 (https://github.com/llvm/llvm-project.git 5ea218a153f4d2f815b8244eab3e4b4ba5e00e6c)]
  ignore line: [Target: x86_64-unknown-linux-gnu]
  ignore line: [Thread model: posix]
  ignore line: [InstalledDir: /storage/users/sislam3/opt/llvm-22/bin]
  ignore line: [Build config: +assertions]
  ignore line: [Found candidate GCC installation: /opt/rh/gcc-toolset-13/root/usr/lib/gcc/x86_64-redhat-linux/13]
  ignore line: [Selected GCC installation: /opt/rh/gcc-toolset-13/root/usr/lib/gcc/x86_64-redhat-linux/13]
  ignore line: [Candidate multilib: .]
  ignore line: [@m64]
  ignore line: [Candidate multilib: 32]
  ignore line: [@m32]
  ignore line: [Selected multilib: .]
  ignore line: [@m64]
  ignore line: [Found CUDA installation: /usr/local/cuda  version 11.6]
  ignore line: [ (in-process)]
  ignore line: [ "/storage/users/sislam3/opt/llvm-22/bin/clang-22" -cc1 -triple x86_64-unknown-linux-gnu -emit-obj -disable-free -clear-ast-before-backend -main-file-name CMakeCCompilerABI.c -mrelocation-model pic -pic-level 2 -pic-is-pie -mframe-pointer=all -fmath-errno -ffp-contract=on -fno-rounding-math -mconstructor-aliases -funwind-tables=2 -target-cpu x86-64 -tune-cpu generic -debugger-tuning=gdb -fdebug-compilation-dir=/storage/users/sislam3/SBAC-PAD/build/CMakeFiles/CMakeTmp -v -fcoverage-compilation-dir=/storage/users/sislam3/SBAC-PAD/build/CMakeFiles/CMakeTmp -resource-dir /storage/users/sislam3/opt/llvm-22/lib/clang/22 -internal-isystem /storage/users/sislam3/opt/llvm-22/lib/clang/22/include -internal-isystem /usr/local/include -internal-isystem /opt/rh/gcc-toolset-13/root/usr/lib/gcc/x86_64-redhat-linux/13/../../../../x86_64-redhat-linux/include -internal-externc-isystem /include -internal-externc-isystem /usr/include -ferror-limit 19 -fgnuc-version=4.2.1 -fskip-odr-check-in-gmf -faddrsig -fdwarf2-cfi-asm -o CMakeFiles/cmTC_6629b.dir/CMakeCCompilerABI.c.o -x c /storage/packages/cmake/3.19.6/share/cmake-3.19/Modules/CMakeCCompilerABI.c]
  ignore line: [clang -cc1 version 22.1.5 based upon LLVM 22.1.5 default target x86_64-unknown-linux-gnu]
  ignore line: [ignoring nonexistent directory "/opt/rh/gcc-toolset-13/root/usr/lib/gcc/x86_64-redhat-linux/13/../../../../x86_64-redhat-linux/include"]
  ignore line: [ignoring nonexistent directory "/include"]
  ignore line: [#include "..." search starts here:]
  ignore line: [#include <...> search starts here:]
  ignore line: [ /storage/users/sislam3/opt/llvm-22/lib/clang/22/include]
  ignore line: [ /usr/local/include]
  ignore line: [ /usr/include]
  ignore line: [End of search list.]
  ignore line: [Linking C executable cmTC_6629b]
  ignore line: [/storage/packages/cmake/3.19.6/bin/cmake -E cmake_link_script CMakeFiles/cmTC_6629b.dir/link.txt --verbose=1]
  ignore line: [/home/users/sislam3/opt/llvm-22/bin/clang  -v CMakeFiles/cmTC_6629b.dir/CMakeCCompilerABI.c.o -o cmTC_6629b ]
  ignore line: [clang version 22.1.5 (https://github.com/llvm/llvm-project.git 5ea218a153f4d2f815b8244eab3e4b4ba5e00e6c)]
  ignore line: [Target: x86_64-unknown-linux-gnu]
  ignore line: [Thread model: posix]
  ignore line: [InstalledDir: /storage/users/sislam3/opt/llvm-22/bin]
  ignore line: [Build config: +assertions]
  ignore line: [Found candidate GCC installation: /opt/rh/gcc-toolset-13/root/usr/lib/gcc/x86_64-redhat-linux/13]
  ignore line: [Selected GCC installation: /opt/rh/gcc-toolset-13/root/usr/lib/gcc/x86_64-redhat-linux/13]
  ignore line: [Candidate multilib: .]
  ignore line: [@m64]
  ignore line: [Candidate multilib: 32]
  ignore line: [@m32]
  ignore line: [Selected multilib: .]
  ignore line: [@m64]
  ignore line: [Found CUDA installation: /usr/local/cuda  version 11.6]
  link line: [ "/opt/rh/gcc-toolset-13/root/usr/lib/gcc/x86_64-redhat-linux/13/../../../../bin/ld" --hash-style=gnu --eh-frame-hdr -m elf_x86_64 -pie -dynamic-linker /lib64/ld-linux-x86-64.so.2 -o cmTC_6629b /lib/../lib64/Scrt1.o /lib/../lib64/crti.o /opt/rh/gcc-toolset-13/root/usr/lib/gcc/x86_64-redhat-linux/13/crtbeginS.o -L/opt/rh/gcc-toolset-13/root/usr/lib/gcc/x86_64-redhat-linux/13 -L/opt/rh/gcc-toolset-13/root/usr/lib/gcc/x86_64-redhat-linux/13/../../../../lib64 -L/lib/../lib64 -L/usr/lib64 -L/lib -L/usr/lib CMakeFiles/cmTC_6629b.dir/CMakeCCompilerABI.c.o -lgcc --as-needed -lgcc_s --no-as-needed -lc -lgcc --as-needed -lgcc_s --no-as-needed /opt/rh/gcc-toolset-13/root/usr/lib/gcc/x86_64-redhat-linux/13/crtendS.o /lib/../lib64/crtn.o]
    arg [/opt/rh/gcc-toolset-13/root/usr/lib/gcc/x86_64-redhat-linux/13/../../../../bin/ld] ==> ignore
    arg [--hash-style=gnu] ==> ignore
    arg [--eh-frame-hdr] ==> ignore
    arg [-m] ==> ignore
    arg [elf_x86_64] ==> ignore
    arg [-pie] ==> ignore
    arg [-dynamic-linker] ==> ignore
    arg [/lib64/ld-linux-x86-64.so.2] ==> ignore
    arg [-o] ==> ignore
    arg [cmTC_6629b] ==> ignore
    arg [/lib/../lib64/Scrt1.o] ==> ignore
    arg [/lib/../lib64/crti.o] ==> ignore
    arg [/opt/rh/gcc-toolset-13/root/usr/lib/gcc/x86_64-redhat-linux/13/crtbeginS.o] ==> ignore
    arg [-L/opt/rh/gcc-toolset-13/root/usr/lib/gcc/x86_64-redhat-linux/13] ==> dir [/opt/rh/gcc-toolset-13/root/usr/lib/gcc/x86_64-redhat-linux/13]
    arg [-L/opt/rh/gcc-toolset-13/root/usr/lib/gcc/x86_64-redhat-linux/13/../../../../lib64] ==> dir [/opt/rh/gcc-toolset-13/root/usr/lib/gcc/x86_64-redhat-linux/13/../../../../lib64]
    arg [-L/lib/../lib64] ==> dir [/lib/../lib64]
    arg [-L/usr/lib64] ==> dir [/usr/lib64]
    arg [-L/lib] ==> dir [/lib]
    arg [-L/usr/lib] ==> dir [/usr/lib]
    arg [CMakeFiles/cmTC_6629b.dir/CMakeCCompilerABI.c.o] ==> ignore
    arg [-lgcc] ==> lib [gcc]
    arg [--as-needed] ==> ignore
    arg [-lgcc_s] ==> lib [gcc_s]
    arg [--no-as-needed] ==> ignore
    arg [-lc] ==> lib [c]
    arg [-lgcc] ==> lib [gcc]
    arg [--as-needed] ==> ignore
    arg [-lgcc_s] ==> lib [gcc_s]
    arg [--no-as-needed] ==> ignore
    arg [/opt/rh/gcc-toolset-13/root/usr/lib/gcc/x86_64-redhat-linux/13/crtendS.o] ==> ignore
    arg [/lib/../lib64/crtn.o] ==> ignore
  collapse library dir [/opt/rh/gcc-toolset-13/root/usr/lib/gcc/x86_64-redhat-linux/13] ==> [/opt/rh/gcc-toolset-13/root/usr/lib/gcc/x86_64-redhat-linux/13]
  collapse library dir [/opt/rh/gcc-toolset-13/root/usr/lib/gcc/x86_64-redhat-linux/13/../../../../lib64] ==> [/opt/rh/gcc-toolset-13/root/usr/lib64]
  collapse library dir [/lib/../lib64] ==> [/lib64]
  collapse library dir [/usr/lib64] ==> [/usr/lib64]
  collapse library dir [/lib] ==> [/lib]
  collapse library dir [/usr/lib] ==> [/usr/lib]
  implicit libs: [gcc;gcc_s;c;gcc;gcc_s]
  implicit dirs: [/opt/rh/gcc-toolset-13/root/usr/lib/gcc/x86_64-redhat-linux/13;/opt/rh/gcc-toolset-13/root/usr/lib64;/lib64;/usr/lib64;/lib;/usr/lib]
  implicit fwks: []


Detecting CXX compiler ABI info compiled with the following output:
Change Dir: /home/users/sislam3/SBAC-PAD/build/CMakeFiles/CMakeTmp

Run Build Command(s):/usr/bin/gmake cmTC_33ff1/fast && /usr/bin/gmake  -f CMakeFiles/cmTC_33ff1.dir/build.make CMakeFiles/cmTC_33ff1.dir/build
gmake[1]: Entering directory '/storage/users/sislam3/SBAC-PAD/build/CMakeFiles/CMakeTmp'
Building CXX object CMakeFiles/cmTC_33ff1.dir/CMakeCXXCompilerABI.cpp.o
/home/users/sislam3/opt/llvm-22/bin/clang++   -v -o CMakeFiles/cmTC_33ff1.dir/CMakeCXXCompilerABI.cpp.o -c /storage/packages/cmake/3.19.6/share/cmake-3.19/Modules/CMakeCXXCompilerABI.cpp
clang version 22.1.5 (https://github.com/llvm/llvm-project.git 5ea218a153f4d2f815b8244eab3e4b4ba5e00e6c)
Target: x86_64-unknown-linux-gnu
Thread model: posix
InstalledDir: /storage/users/sislam3/opt/llvm-22/bin
Build config: +assertions
Found candidate GCC installation: /opt/rh/gcc-toolset-13/root/usr/lib/gcc/x86_64-redhat-linux/13
Selected GCC installation: /opt/rh/gcc-toolset-13/root/usr/lib/gcc/x86_64-redhat-linux/13
Candidate multilib: .;@m64
Candidate multilib: 32;@m32
Selected multilib: .;@m64
Found CUDA installation: /usr/local/cuda, version 11.6
 (in-process)
 "/storage/users/sislam3/opt/llvm-22/bin/clang-22" -cc1 -triple x86_64-unknown-linux-gnu -emit-obj -disable-free -clear-ast-before-backend -main-file-name CMakeCXXCompilerABI.cpp -mrelocation-model pic -pic-level 2 -pic-is-pie -mframe-pointer=all -fmath-errno -ffp-contract=on -fno-rounding-math -mconstructor-aliases -funwind-tables=2 -target-cpu x86-64 -tune-cpu generic -debugger-tuning=gdb -fdebug-compilation-dir=/storage/users/sislam3/SBAC-PAD/build/CMakeFiles/CMakeTmp -v -fcoverage-compilation-dir=/storage/users/sislam3/SBAC-PAD/build/CMakeFiles/CMakeTmp -resource-dir /storage/users/sislam3/opt/llvm-22/lib/clang/22 -internal-isystem /opt/rh/gcc-toolset-13/root/usr/lib/gcc/x86_64-redhat-linux/13/../../../../include/c++/13 -internal-isystem /opt/rh/gcc-toolset-13/root/usr/lib/gcc/x86_64-redhat-linux/13/../../../../include/c++/13/x86_64-redhat-linux -internal-isystem /opt/rh/gcc-toolset-13/root/usr/lib/gcc/x86_64-redhat-linux/13/../../../../include/c++/13/backward -internal-isystem /storage/users/sislam3/opt/llvm-22/lib/clang/22/include -internal-isystem /usr/local/include -internal-isystem /opt/rh/gcc-toolset-13/root/usr/lib/gcc/x86_64-redhat-linux/13/../../../../x86_64-redhat-linux/include -internal-externc-isystem /include -internal-externc-isystem /usr/include -fdeprecated-macro -ferror-limit 19 -fgnuc-version=4.2.1 -fskip-odr-check-in-gmf -fcxx-exceptions -fexceptions -faddrsig -fdwarf2-cfi-asm -o CMakeFiles/cmTC_33ff1.dir/CMakeCXXCompilerABI.cpp.o -x c++ /storage/packages/cmake/3.19.6/share/cmake-3.19/Modules/CMakeCXXCompilerABI.cpp
clang -cc1 version 22.1.5 based upon LLVM 22.1.5 default target x86_64-unknown-linux-gnu
ignoring nonexistent directory "/opt/rh/gcc-toolset-13/root/usr/lib/gcc/x86_64-redhat-linux/13/../../../../x86_64-redhat-linux/include"
ignoring nonexistent directory "/include"
#include "..." search starts here:
#include <...> search starts here:
 /opt/rh/gcc-toolset-13/root/usr/lib/gcc/x86_64-redhat-linux/13/../../../../include/c++/13
 /opt/rh/gcc-toolset-13/root/usr/lib/gcc/x86_64-redhat-linux/13/../../../../include/c++/13/x86_64-redhat-linux
 /opt/rh/gcc-toolset-13/root/usr/lib/gcc/x86_64-redhat-linux/13/../../../../include/c++/13/backward
 /storage/users/sislam3/opt/llvm-22/lib/clang/22/include
 /usr/local/include
 /usr/include
End of search list.
Linking CXX executable cmTC_33ff1
/storage/packages/cmake/3.19.6/bin/cmake -E cmake_link_script CMakeFiles/cmTC_33ff1.dir/link.txt --verbose=1
/home/users/sislam3/opt/llvm-22/bin/clang++  -v CMakeFiles/cmTC_33ff1.dir/CMakeCXXCompilerABI.cpp.o -o cmTC_33ff1 
clang version 22.1.5 (https://github.com/llvm/llvm-project.git 5ea218a153f4d2f815b8244eab3e4b4ba5e00e6c)
Target: x86_64-unknown-linux-gnu
Thread model: posix
InstalledDir: /storage/users/sislam3/opt/llvm-22/bin
Build config: +assertions
Found candidate GCC installation: /opt/rh/gcc-toolset-13/root/usr/lib/gcc/x86_64-redhat-linux/13
Selected GCC installation: /opt/rh/gcc-toolset-13/root/usr/lib/gcc/x86_64-redhat-linux/13
Candidate multilib: .;@m64
Candidate multilib: 32;@m32
Selected multilib: .;@m64
Found CUDA installation: /usr/local/cuda, version 11.6
 "/opt/rh/gcc-toolset-13/root/usr/lib/gcc/x86_64-redhat-linux/13/../../../../bin/ld" --hash-style=gnu --eh-frame-hdr -m elf_x86_64 -pie -dynamic-linker /lib64/ld-linux-x86-64.so.2 -o cmTC_33ff1 /lib/../lib64/Scrt1.o /lib/../lib64/crti.o /opt/rh/gcc-toolset-13/root/usr/lib/gcc/x86_64-redhat-linux/13/crtbeginS.o -L/opt/rh/gcc-toolset-13/root/usr/lib/gcc/x86_64-redhat-linux/13 -L/opt/rh/gcc-toolset-13/root/usr/lib/gcc/x86_64-redhat-linux/13/../../../../lib64 -L/lib/../lib64 -L/usr/lib64 -L/lib -L/usr/lib CMakeFiles/cmTC_33ff1.dir/CMakeCXXCompilerABI.cpp.o -lstdc++ -lm -lgcc_s -lgcc -lc -lgcc_s -lgcc /opt/rh/gcc-toolset-13/root/usr/lib/gcc/x86_64-redhat-linux/13/crtendS.o /lib/../lib64/crtn.o
gmake[1]: Leaving directory '/storage/users/sislam3/SBAC-PAD/build/CMakeFiles/CMakeTmp'



Parsed CXX implicit include dir info from above output: rv=done
  found start of include info
  found start of implicit include info
    add: [/opt/rh/gcc-toolset-13/root/usr/lib/gcc/x86_64-redhat-linux/13/../../../../include/c++/13]
    add: [/opt/rh/gcc-toolset-13/root/usr/lib/gcc/x86_64-redhat-linux/13/../../../../include/c++/13/x86_64-redhat-linux]
    add: [/opt/rh/gcc-toolset-13/root/usr/lib/gcc/x86_64-redhat-linux/13/../../../../include/c++/13/backward]
    add: [/storage/users/sislam3/opt/llvm-22/lib/clang/22/include]
    add: [/usr/local/include]
    add: [/usr/include]
  end of search list found
  collapse include dir [/opt/rh/gcc-toolset-13/root/usr/lib/gcc/x86_64-redhat-linux/13/../../../../include/c++/13] ==> [/opt/rh/gcc-toolset-13/root/usr/include/c++/13]
  collapse include dir [/opt/rh/gcc-toolset-13/root/usr/lib/gcc/x86_64-redhat-linux/13/../../../../include/c++/13/x86_64-redhat-linux] ==> [/opt/rh/gcc-toolset-13/root/usr/include/c++/13/x86_64-redhat-linux]
  collapse include dir [/opt/rh/gcc-toolset-13/root/usr/lib/gcc/x86_64-redhat-linux/13/../../../../include/c++/13/backward] ==> [/opt/rh/gcc-toolset-13/root/usr/include/c++/13/backward]
  collapse include dir [/storage/users/sislam3/opt/llvm-22/lib/clang/22/include] ==> [/home/users/sislam3/opt/llvm-22/lib/clang/22/include]
  collapse include dir [/usr/local/include] ==> [/usr/local/include]
  collapse include dir [/usr/include] ==> [/usr/include]
  implicit include dirs: [/opt/rh/gcc-toolset-13/root/usr/include/c++/13;/opt/rh/gcc-toolset-13/root/usr/include/c++/13/x86_64-redhat-linux;/opt/rh/gcc-toolset-13/root/usr/include/c++/13/backward;/home/users/sislam3/opt/llvm-22/lib/clang/22/include;/usr/local/include;/usr/include]


Parsed CXX implicit link information from above output:
  link line regex: [^( *|.*[/\])(ld|CMAKE_LINK_STARTFILE-NOTFOUND|([^/\]+-)?ld|collect2)[^/\]*( |$)]
  ignore line: [Change Dir: /home/users/sislam3/SBAC-PAD/build/CMakeFiles/CMakeTmp]
  ignore line: []
  ignore line: [Run Build Command(s):/usr/bin/gmake cmTC_33ff1/fast && /usr/bin/gmake  -f CMakeFiles/cmTC_33ff1.dir/build.make CMakeFiles/cmTC_33ff1.dir/build]
  ignore line: [gmake[1]: Entering directory '/storage/users/sislam3/SBAC-PAD/build/CMakeFiles/CMakeTmp']
  ignore line: [Building CXX object CMakeFiles/cmTC_33ff1.dir/CMakeCXXCompilerABI.cpp.o]
  ignore line: [/home/users/sislam3/opt/llvm-22/bin/clang++   -v -o CMakeFiles/cmTC_33ff1.dir/CMakeCXXCompilerABI.cpp.o -c /storage/packages/cmake/3.19.6/share/cmake-3.19/Modules/CMakeCXXCompilerABI.cpp]
  ignore line: [clang version 22.1.5 (https://github.com/llvm/llvm-project.git 5ea218a153f4d2f815b8244eab3e4b4ba5e00e6c)]
  ignore line: [Target: x86_64-unknown-linux-gnu]
  ignore line: [Thread model: posix]
  ignore line: [InstalledDir: /storage/users/sislam3/opt/llvm-22/bin]
  ignore line: [Build config: +assertions]
  ignore line: [Found candidate GCC installation: /opt/rh/gcc-toolset-13/root/usr/lib/gcc/x86_64-redhat-linux/13]
  ignore line: [Selected GCC installation: /opt/rh/gcc-toolset-13/root/usr/lib/gcc/x86_64-redhat-linux/13]
  ignore line: [Candidate multilib: .]
  ignore line: [@m64]
  ignore line: [Candidate multilib: 32]
  ignore line: [@m32]
  ignore line: [Selected multilib: .]
  ignore line: [@m64]
  ignore line: [Found CUDA installation: /usr/local/cuda  version 11.6]
  ignore line: [ (in-process)]
  ignore line: [ "/storage/users/sislam3/opt/llvm-22/bin/clang-22" -cc1 -triple x86_64-unknown-linux-gnu -emit-obj -disable-free -clear-ast-before-backend -main-file-name CMakeCXXCompilerABI.cpp -mrelocation-model pic -pic-level 2 -pic-is-pie -mframe-pointer=all -fmath-errno -ffp-contract=on -fno-rounding-math -mconstructor-aliases -funwind-tables=2 -target-cpu x86-64 -tune-cpu generic -debugger-tuning=gdb -fdebug-compilation-dir=/storage/users/sislam3/SBAC-PAD/build/CMakeFiles/CMakeTmp -v -fcoverage-compilation-dir=/storage/users/sislam3/SBAC-PAD/build/CMakeFiles/CMakeTmp -resource-dir /storage/users/sislam3/opt/llvm-22/lib/clang/22 -internal-isystem /opt/rh/gcc-toolset-13/root/usr/lib/gcc/x86_64-redhat-linux/13/../../../../include/c++/13 -internal-isystem /opt/rh/gcc-toolset-13/root/usr/lib/gcc/x86_64-redhat-linux/13/../../../../include/c++/13/x86_64-redhat-linux -internal-isystem /opt/rh/gcc-toolset-13/root/usr/lib/gcc/x86_64-redhat-linux/13/../../../../include/c++/13/backward -internal-isystem /storage/users/sislam3/opt/llvm-22/lib/clang/22/include -internal-isystem /usr/local/include -internal-isystem /opt/rh/gcc-toolset-13/root/usr/lib/gcc/x86_64-redhat-linux/13/../../../../x86_64-redhat-linux/include -internal-externc-isystem /include -internal-externc-isystem /usr/include -fdeprecated-macro -ferror-limit 19 -fgnuc-version=4.2.1 -fskip-odr-check-in-gmf -fcxx-exceptions -fexceptions -faddrsig -fdwarf2-cfi-asm -o CMakeFiles/cmTC_33ff1.dir/CMakeCXXCompilerABI.cpp.o -x c++ /storage/packages/cmake/3.19.6/share/cmake-3.19/Modules/CMakeCXXCompilerABI.cpp]
  ignore line: [clang -cc1 version 22.1.5 based upon LLVM 22.1.5 default target x86_64-unknown-linux-gnu]
  ignore line: [ignoring nonexistent directory "/opt/rh/gcc-toolset-13/root/usr/lib/gcc/x86_64-redhat-linux/13/../../../../x86_64-redhat-linux/include"]
  ignore line: [ignoring nonexistent directory "/include"]
  ignore line: [#include "..." search starts here:]
  ignore line: [#include <...> search starts here:]
  ignore line: [ /opt/rh/gcc-toolset-13/root/usr/lib/gcc/x86_64-redhat-linux/13/../../../../include/c++/13]
  ignore line: [ /opt/rh/gcc-toolset-13/root/usr/lib/gcc/x86_64-redhat-linux/13/../../../../include/c++/13/x86_64-redhat-linux]
  ignore line: [ /opt/rh/gcc-toolset-13/root/usr/lib/gcc/x86_64-redhat-linux/13/../../../../include/c++/13/backward]
  ignore line: [ /storage/users/sislam3/opt/llvm-22/lib/clang/22/include]
  ignore line: [ /usr/local/include]
  ignore line: [ /usr/include]
  ignore line: [End of search list.]
  ignore line: [Linking CXX executable cmTC_33ff1]
  ignore line: [/storage/packages/cmake/3.19.6/bin/cmake -E cmake_link_script CMakeFiles/cmTC_33ff1.dir/link.txt --verbose=1]
  ignore line: [/home/users/sislam3/opt/llvm-22/bin/clang++  -v CMakeFiles/cmTC_33ff1.dir/CMakeCXXCompilerABI.cpp.o -o cmTC_33ff1 ]
  ignore line: [clang version 22.1.5 (https://github.com/llvm/llvm-project.git 5ea218a153f4d2f815b8244eab3e4b4ba5e00e6c)]
  ignore line: [Target: x86_64-unknown-linux-gnu]
  ignore line: [Thread model: posix]
  ignore line: [InstalledDir: /storage/users/sislam3/opt/llvm-22/bin]
  ignore line: [Build config: +assertions]
  ignore line: [Found candidate GCC installation: /opt/rh/gcc-toolset-13/root/usr/lib/gcc/x86_64-redhat-linux/13]
  ignore line: [Selected GCC installation: /opt/rh/gcc-toolset-13/root/usr/lib/gcc/x86_64-redhat-linux/13]
  ignore line: [Candidate multilib: .]
  ignore line: [@m64]
  ignore line: [Candidate multilib: 32]
  ignore line: [@m32]
  ignore line: [Selected multilib: .]
  ignore line: [@m64]
  ignore line: [Found CUDA installation: /usr/local/cuda  version 11.6]
  link line: [ "/opt/rh/gcc-toolset-13/root/usr/lib/gcc/x86_64-redhat-linux/13/../../../../bin/ld" --hash-style=gnu --eh-frame-hdr -m elf_x86_64 -pie -dynamic-linker /lib64/ld-linux-x86-64.so.2 -o cmTC_33ff1 /lib/../lib64/Scrt1.o /lib/../lib64/crti.o /opt/rh/gcc-toolset-13/root/usr/lib/gcc/x86_64-redhat-linux/13/crtbeginS.o -L/opt/rh/gcc-toolset-13/root/usr/lib/gcc/x86_64-redhat-linux/13 -L/opt/rh/gcc-toolset-13/root/usr/lib/gcc/x86_64-redhat-linux/13/../../../../lib64 -L/lib/../lib64 -L/usr/lib64 -L/lib -L/usr/lib CMakeFiles/cmTC_33ff1.dir/CMakeCXXCompilerABI.cpp.o -lstdc++ -lm -lgcc_s -lgcc -lc -lgcc_s -lgcc /opt/rh/gcc-toolset-13/root/usr/lib/gcc/x86_64-redhat-linux/13/crtendS.o /lib/../lib64/crtn.o]
    arg [/opt/rh/gcc-toolset-13/root/usr/lib/gcc/x86_64-redhat-linux/13/../../../../bin/ld] ==> ignore
    arg [--hash-style=gnu] ==> ignore
    arg [--eh-frame-hdr] ==> ignore
    arg [-m] ==> ignore
    arg [elf_x86_64] ==> ignore
    arg [-pie] ==> ignore
    arg [-dynamic-linker] ==> ignore
    arg [/lib64/ld-linux-x86-64.so.2] ==> ignore
    arg [-o] ==> ignore
    arg [cmTC_33ff1] ==> ignore
    arg [/lib/../lib64/Scrt1.o] ==> ignore
    arg [/lib/../lib64/crti.o] ==> ignore
    arg [/opt/rh/gcc-toolset-13/root/usr/lib/gcc/x86_64-redhat-linux/13/crtbeginS.o] ==> ignore
    arg [-L/opt/rh/gcc-toolset-13/root/usr/lib/gcc/x86_64-redhat-linux/13] ==> dir [/opt/rh/gcc-toolset-13/root/usr/lib/gcc/x86_64-redhat-linux/13]
    arg [-L/opt/rh/gcc-toolset-13/root/usr/lib/gcc/x86_64-redhat-linux/13/../../../../lib64] ==> dir [/opt/rh/gcc-toolset-13/root/usr/lib/gcc/x86_64-redhat-linux/13/../../../../lib64]
    arg [-L/lib/../lib64] ==> dir [/lib/../lib64]
    arg [-L/usr/lib64] ==> dir [/usr/lib64]
    arg [-L/lib] ==> dir [/lib]
    arg [-L/usr/lib] ==> dir [/usr/lib]
    arg [CMakeFiles/cmTC_33ff1.dir/CMakeCXXCompilerABI.cpp.o] ==> ignore
    arg [-lstdc++] ==> lib [stdc++]
    arg [-lm] ==> lib [m]
    arg [-lgcc_s] ==> lib [gcc_s]
    arg [-lgcc] ==> lib [gcc]
    arg [-lc] ==> lib [c]
    arg [-lgcc_s] ==> lib [gcc_s]
    arg [-lgcc] ==> lib [gcc]
    arg [/opt/rh/gcc-toolset-13/root/usr/lib/gcc/x86_64-redhat-linux/13/crtendS.o] ==> ignore
    arg [/lib/../lib64/crtn.o] ==> ignore
  collapse library dir [/opt/rh/gcc-toolset-13/root/usr/lib/gcc/x86_64-redhat-linux/13] ==> [/opt/rh/gcc-toolset-13/root/usr/lib/gcc/x86_64-redhat-linux/13]
  collapse library dir [/opt/rh/gcc-toolset-13/root/usr/lib/gcc/x86_64-redhat-linux/13/../../../../lib64] ==> [/opt/rh/gcc-toolset-13/root/usr/lib64]
  collapse library dir [/lib/../lib64] ==> [/lib64]
  collapse library dir [/usr/lib64] ==> [/usr/lib64]
  collapse library dir [/lib] ==> [/lib]
  collapse library dir [/usr/lib] ==> [/usr/lib]
  implicit libs: [stdc++;m;gcc_s;gcc;c;gcc_s;gcc]
  implicit dirs: [/opt/rh/gcc-toolset-13/root/usr/lib/gcc/x86_64-redhat-linux/13;/opt/rh/gcc-toolset-13/root/usr/lib64;/lib64;/usr/lib64;/lib;/usr/lib]
  implicit fwks: []


Performing C++ SOURCE FILE Test LLVM_LINKER_SUPPORTS_B_SYMBOLIC_FUNCTIONS succeeded with the following output:
Change Dir: /home/users/sislam3/SBAC-PAD/build/CMakeFiles/CMakeTmp

Run Build Command(s):/usr/bin/gmake cmTC_7c16e/fast && /usr/bin/gmake  -f CMakeFiles/cmTC_7c16e.dir/build.make CMakeFiles/cmTC_7c16e.dir/build
gmake[1]: Entering directory '/storage/users/sislam3/SBAC-PAD/build/CMakeFiles/CMakeTmp'
Building CXX object CMakeFiles/cmTC_7c16e.dir/src.cxx.o
/home/users/sislam3/opt/llvm-22/bin/clang++ -DLLVM_LINKER_SUPPORTS_B_SYMBOLIC_FUNCTIONS  -std=gnu++17 -o CMakeFiles/cmTC_7c16e.dir/src.cxx.o -c /home/users/sislam3/SBAC-PAD/build/CMakeFiles/CMakeTmp/src.cxx
Linking CXX executable cmTC_7c16e
/storage/packages/cmake/3.19.6/bin/cmake -E cmake_link_script CMakeFiles/cmTC_7c16e.dir/link.txt --verbose=1
/home/users/sislam3/opt/llvm-22/bin/clang++ -Wl,-Bsymbolic-functions CMakeFiles/cmTC_7c16e.dir/src.cxx.o -o cmTC_7c16e 
gmake[1]: Leaving directory '/storage/users/sislam3/SBAC-PAD/build/CMakeFiles/CMakeTmp'


Source file was:
int main() { return 0; }
