[DBG] invalid=0 divzero=0 overflow=0 underflow=0 total=0 subnormal=0
[FP_INSTRUMENT] Initialized for: /home/users/sislam3/SBAC-PAD/results/overflow/round_positive/host.bc
[FP_INSTRUMENT] PAPI SDE provider: CUDA_FP_ANALYSIS
========================================
[TEST] Overflow - Round Toward Positive
[IEEE 754 Clause 7.4.0.d]
========================================
Rule: roundTowardPositive:
  - Positive overflow → +Inf
  - Negative overflow → -FLT_MAX
FLT_MAX = 3.402823e+38

[0] __fadd_ru(+FLT_MAX, +FLT_MAX)
    Result: +Inf
    Expected: +Inf
    Status: PASS ✓

[1] __fmul_ru(+FLT_MAX, 2.0)
    Result: +Inf
    Expected: +Inf
    Status: PASS ✓

[2] __fmul_ru(-FLT_MAX, 2.0)
    Result: -3.402823e+38 (finite)
    Expected: -FLT_MAX
    Status: PASS ✓

[3] __fadd_ru(-FLT_MAX, -FLT_MAX)
    Result: -3.402823e+38 (finite)
    Expected: -FLT_MAX
    Status: PASS ✓

========================================
Result: 4/4 tests passed
========================================

[FP_INSTRUMENT] Summary for: /home/users/sislam3/SBAC-PAD/results/overflow/round_positive/host.bc

IEEE Exceptions According to the standard
  Total FP Ops:       0
  Div by Zero:        0
  Invalid Ops:        0
  Overflow:           0
  Underflow:          0

Detailed Breakdown
  NaNs (Input):       0
  NaNs (Created):     0
  Denormals Produced: 0

Workload Stats
  Kernels Launched:   1
  Operations Total:   0

Derived Metrics
  Total Exceptions:   0
  Exception Density:  0 (per million ops)
  NaN Prop Rate:      0 (per million NaNs)
  Subnormal Rate:     0 (per million underflows)
  Instability Score:  0

[FP_INSTRUMENT] Finalized.
