=== Part 2: Device pipeline ===
[FPPass] Running on device module: nvptx64-nvidia-cuda
[FPPass] Declared device counter: fp_invalid_counter
[FPPass] Declared device counter: fp_divbyzero_counter
[FPPass] Declared device counter: fp_overflow_counter
[FPPass] Declared device counter: fp_underflow_counter
[FPPass] Declared device counter: fp_total_counter
[FPPass] Declared device counter: fp_subnormal_counter
[FPPass] Visiting function: _Z12is_subnormalf [device]
[FPPass]   Collected 0 instructions to instrument
[FPPass] Visiting function: _Z26testUnderflow_RoundNearestPfPi [KERNEL]
[FPPass]   COLLECT fmul @ _Z26testUnderflow_RoundNearestPfPi:38
[FPPass]   Collected 2 instructions to instrument
[FPPass]   INSTRUMENT _Z26testUnderflow_RoundNearestPfPi:38 op=2
[DBG] detectInvalidOp: OpID=2 Op0=2 Ty=2
[FPPass]     -> Injected check: ex=0 op=2 line=38
[FPPass]     -> Injected check: ex=2 op=2 line=38
[FPPass]     -> Injected check: ex=3 op=2 line=38
[FPPass]   INSTRUMENT _Z26testUnderflow_RoundNearestPfPi:295 op=6
[DBG] detectInvalidOp: OpID=6 Op0=2 Ty=2
[FPPass]     -> Injected check: ex=0 op=6 line=295
[FPPass]     -> Injected check: ex=2 op=6 line=295
[FPPass]     -> Injected check: ex=3 op=6 line=295
[FPPass] Visiting function: _Z23testUnderflow_RoundZeroPfPi [KERNEL]
[FPPass]   Collected 0 instructions to instrument
[FPPass] Visiting function: _Z21testUnderflow_RoundUpPfPi [KERNEL]
[FPPass]   Collected 0 instructions to instrument
[FPPass] Visiting function: _Z23testUnderflow_RoundDownPfPi [KERNEL]
[FPPass]   Collected 0 instructions to instrument
[FPPass] SUMMARY: visited 5 functions, instrumented 2 instructions
=== Part 3: Host pipeline ===
[HostPass] Running on Host Module: /home/users/sislam3/SBAC-PAD/results/underflow/rounding/host.bc
[HostPass] Created host shadow: fp_invalid_counter
[HostPass] Created host shadow: fp_divbyzero_counter
[HostPass] Created host shadow: fp_overflow_counter
[HostPass] Created host shadow: fp_underflow_counter
[HostPass] Created host shadow: fp_total_counter
[HostPass] Created host shadow: fp_subnormal_counter
[HostPass] Registered shadow: fp_invalid_counter
[HostPass] Registered shadow: fp_divbyzero_counter
[HostPass] Registered shadow: fp_overflow_counter
[HostPass] Registered shadow: fp_underflow_counter
[HostPass] Registered shadow: fp_total_counter
[HostPass] Registered shadow: fp_subnormal_counter
[HostPass] Found main(), injecting PAPI lifecycle.
[HostPass] Instrumented 4 kernel launches.
=== Part 4: Link ===
